
> masakinihirota@0.1.0 test
> vitest --run src/app/(public)/login/components/LoginForm.test.tsx


[1m[46m RUN [49m[22m [36mv4.0.13 [39m[90mU:/2025src/___masakinihirota-antigravity/masakinihirota[39m

 [31m笶ｯ[39m src/app/(public)/login/components/LoginForm.test.tsx [2m([22m[2m4 tests[22m[2m | [22m[31m3 failed[39m[2m)[22m[33m 367[2mms[22m[39m
     [32m笨・[39m renders login button[32m 182[2mms[22m[39m
[31m     [31mﾃ・[31m calls signInWithOAuth when button is clicked[39m[32m 56[2mms[22m[39m
[31m     [31mﾃ・[31m shows loading state while connecting[39m[32m 59[2mms[22m[39m
[31m     [31mﾃ・[31m handles error gracefully[39m[32m 68[2mms[22m[39m

竡ｯ竡ｯ竡ｯ竡ｯ竡ｯ竡ｯ竡ｯ Failed Tests 3 竡ｯ竡ｯ竡ｯ竡ｯ竡ｯ竡ｯ竡ｯ

 FAIL  src/app/(public)/login/components/LoginForm.test.tsx > LoginForm > calls signInWithOAuth when button is clicked
TestingLibraryElementError: Found multiple elements with the role "button" and name `/sign in with google/i`

Here are the matching elements:

Ignored nodes: comments, script, style
<button
  class="inline-flex items-center justify-center gap-2 whitespace-nowrap rounded-md text-sm font-medium transition-colors focus-visible:outline-none focus-visible:ring-1 focus-visible:ring-ring disabled:pointer-events-none disabled:opacity-50 [&_svg]:pointer-events-none [&_svg]:size-4 [&_svg]:shrink-0 bg-primary text-primary-foreground shadow hover:bg-primary/90 h-9 px-4 py-2 w-full"
>
  Sign in with Google
</button>

Ignored nodes: comments, script, style
<button
  class="inline-flex items-center justify-center gap-2 whitespace-nowrap rounded-md text-sm font-medium transition-colors focus-visible:outline-none focus-visible:ring-1 focus-visible:ring-ring disabled:pointer-events-none disabled:opacity-50 [&_svg]:pointer-events-none [&_svg]:size-4 [&_svg]:shrink-0 bg-primary text-primary-foreground shadow hover:bg-primary/90 h-9 px-4 py-2 w-full"
>
  Sign in with Google
</button>

(If this is intentional, then use the `*AllBy*` variant of the query (like `queryAllByText`, `getAllByText`, or `findAllByText`)).

Ignored nodes: comments, script, style
<body>
  <div>
    <div
      class="w-[350px]"
      data-testid="card"
    >
      <div
        class="text-center"
        data-testid="card-header"
      >
        <h3
          data-testid="card-title"
        >
          Welcome back
        </h3>
        <div
          data-testid="card-desc"
        >
          Login with your Google account
        </div>
      </div>
      <div
        data-testid="card-content"
      >
        <button
          class="inline-flex items-center justify-center gap-2 whitespace-nowrap rounded-md text-sm font-medium transition-colors focus-visible:outline-none focus-visible:ring-1 focus-visible:ring-ring disabled:pointer-events-none disabled:opacity-50 [&_svg]:pointer-events-none [&_svg]:size-4 [&_svg]:shrink-0 bg-primary text-primary-foreground shadow hover:bg-primary/90 h-9 px-4 py-2 w-full"
        >
          Sign in with Google
        </button>
      </div>
    </div>
  </div>
  <div>
    <div
      class="w-[350px]"
      data-testid="card"
    >
      <div
        class="text-center"
        data-testid="card-header"
      >
        <h3
          data-testid="card-title"
        >
          Welcome back
        </h3>
        <div
          data-testid="card-desc"
        >
          Login with your Google account
        </div>
      </div>
      <div
        data-testid="card-content"
      >
        <button
          class="inline-flex items-center justify-center gap-2 whitespace-nowrap rounded-md text-sm font-medium transition-colors focus-visible:outline-none focus-visible:ring-1 focus-visible:ring-ring disabled:pointer-events-none disabled:opacity-50 [&_svg]:pointer-events-none [&_svg]:size-4 [&_svg]:shrink-0 bg-primary text-primary-foreground shadow hover:bg-primary/90 h-9 px-4 py-2 w-full"
        >
          Sign in with Google
        </button>
      </div>
    </div>
  </div>
</body>
 笶ｯ Object.getElementError node_modules/@testing-library/dom/dist/config.js:37:19
 笶ｯ getElementError node_modules/@testing-library/dom/dist/query-helpers.js:20:35
 笶ｯ getMultipleElementsFoundError node_modules/@testing-library/dom/dist/query-helpers.js:23:10
 笶ｯ node_modules/@testing-library/dom/dist/query-helpers.js:55:13
 笶ｯ node_modules/@testing-library/dom/dist/query-helpers.js:95:19
 笶ｯ src/app/(public)/login/components/LoginForm.test.tsx:43:31
     41|         const logSpy = vi.spyOn(console, 'log')
     42|         render(<LoginForm />)
     43|         const button = screen.getByRole('button', { name: /sign in wit窶ｦ
       |                               ^
     44| 
     45|         fireEvent.click(button)

竡ｯ竡ｯ竡ｯ竡ｯ竡ｯ竡ｯ竡ｯ竡ｯ竡ｯ竡ｯ竡ｯ竡ｯ竡ｯ竡ｯ竡ｯ竡ｯ竡ｯ竡ｯ竡ｯ竡ｯ竡ｯ竡ｯ竡ｯ竡ｯ[1/3]竡ｯ

 FAIL  src/app/(public)/login/components/LoginForm.test.tsx > LoginForm > shows loading state while connecting
TestingLibraryElementError: Found multiple elements with the role "button" and name `/sign in with google/i`

Here are the matching elements:

Ignored nodes: comments, script, style
<button
  class="inline-flex items-center justify-center gap-2 whitespace-nowrap rounded-md text-sm font-medium transition-colors focus-visible:outline-none focus-visible:ring-1 focus-visible:ring-ring disabled:pointer-events-none disabled:opacity-50 [&_svg]:pointer-events-none [&_svg]:size-4 [&_svg]:shrink-0 bg-primary text-primary-foreground shadow hover:bg-primary/90 h-9 px-4 py-2 w-full"
>
  Sign in with Google
</button>

Ignored nodes: comments, script, style
<button
  class="inline-flex items-center justify-center gap-2 whitespace-nowrap rounded-md text-sm font-medium transition-colors focus-visible:outline-none focus-visible:ring-1 focus-visible:ring-ring disabled:pointer-events-none disabled:opacity-50 [&_svg]:pointer-events-none [&_svg]:size-4 [&_svg]:shrink-0 bg-primary text-primary-foreground shadow hover:bg-primary/90 h-9 px-4 py-2 w-full"
>
  Sign in with Google
</button>

Ignored nodes: comments, script, style
<button
  class="inline-flex items-center justify-center gap-2 whitespace-nowrap rounded-md text-sm font-medium transition-colors focus-visible:outline-none focus-visible:ring-1 focus-visible:ring-ring disabled:pointer-events-none disabled:opacity-50 [&_svg]:pointer-events-none [&_svg]:size-4 [&_svg]:shrink-0 bg-primary text-primary-foreground shadow hover:bg-primary/90 h-9 px-4 py-2 w-full"
>
  Sign in with Google
</button>

(If this is intentional, then use the `*AllBy*` variant of the query (like `queryAllByText`, `getAllByText`, or `findAllByText`)).

Ignored nodes: comments, script, style
<body>
  <div>
    <div
      class="w-[350px]"
      data-testid="card"
    >
      <div
        class="text-center"
        data-testid="card-header"
      >
        <h3
          data-testid="card-title"
        >
          Welcome back
        </h3>
        <div
          data-testid="card-desc"
        >
          Login with your Google account
        </div>
      </div>
      <div
        data-testid="card-content"
      >
        <button
          class="inline-flex items-center justify-center gap-2 whitespace-nowrap rounded-md text-sm font-medium transition-colors focus-visible:outline-none focus-visible:ring-1 focus-visible:ring-ring disabled:pointer-events-none disabled:opacity-50 [&_svg]:pointer-events-none [&_svg]:size-4 [&_svg]:shrink-0 bg-primary text-primary-foreground shadow hover:bg-primary/90 h-9 px-4 py-2 w-full"
        >
          Sign in with Google
        </button>
      </div>
    </div>
  </div>
  <div>
    <div
      class="w-[350px]"
      data-testid="card"
    >
      <div
        class="text-center"
        data-testid="card-header"
      >
        <h3
          data-testid="card-title"
        >
          Welcome back
        </h3>
        <div
          data-testid="card-desc"
        >
          Login with your Google account
        </div>
      </div>
      <div
        data-testid="card-content"
      >
        <button
          class="inline-flex items-center justify-center gap-2 whitespace-nowrap rounded-md text-sm font-medium transition-colors focus-visible:outline-none focus-visible:ring-1 focus-visible:ring-ring disabled:pointer-events-none disabled:opacity-50 [&_svg]:pointer-events-none [&_svg]:size-4 [&_svg]:shrink-0 bg-primary text-primary-foreground shadow hover:bg-primary/90 h-9 px-4 py-2 w-full"
        >
          Sign in with Google
        </button>
      </div>
    </div>
  </div>
  <div>
    <div
      class="w-[350px]"
      data-testid="card"
    >
      <div
        class="text-center"
        data-testid="card-header"
      >
        <h3
          data-testid="card-title"
        >
          Welcome back
        </h3>
        <div
          data-testid="card-desc"
        >
          Login with your Google account
        </div>
      </div>
      <div
        data-testid="card-content"
      >
        <button
          class="inline-flex items-center justify-center gap-2 whitespace-nowrap rounded-md text-sm font-medium transition-colors focus-visible:outline-none focus-visible:ring-1 focus-visible:ring-ring disabled:pointer-events-none disabled:opacity-50 [&_svg]:pointer-events-none [&_svg]:size-4 [&_svg]:shrink-0 bg-primary text-primary-foreground shadow hover:bg-primary/90 h-9 px-4 py-2 w-full"
        >
          Sign in with Google
        </button>
      </div>
    </div>
  </div>
</body>
 笶ｯ Object.getElementError node_modules/@testing-library/dom/dist/config.js:37:19
 笶ｯ getElementError node_modules/@testing-library/dom/dist/query-helpers.js:20:35
 笶ｯ getMultipleElementsFoundError node_modules/@testing-library/dom/dist/query-helpers.js:23:10
 笶ｯ node_modules/@testing-library/dom/dist/query-helpers.js:55:13
 笶ｯ node_modules/@testing-library/dom/dist/query-helpers.js:95:19
 笶ｯ src/app/(public)/login/components/LoginForm.test.tsx:66:31
     64| 
     65|         render(<LoginForm />)
     66|         const button = screen.getByRole('button', { name: /sign in wit窶ｦ
       |                               ^
     67| 
     68|         fireEvent.click(button)

竡ｯ竡ｯ竡ｯ竡ｯ竡ｯ竡ｯ竡ｯ竡ｯ竡ｯ竡ｯ竡ｯ竡ｯ竡ｯ竡ｯ竡ｯ竡ｯ竡ｯ竡ｯ竡ｯ竡ｯ竡ｯ竡ｯ竡ｯ竡ｯ[2/3]竡ｯ

 FAIL  src/app/(public)/login/components/LoginForm.test.tsx > LoginForm > handles error gracefully
TestingLibraryElementError: Found multiple elements with the role "button" and name `/sign in with google/i`

Here are the matching elements:

Ignored nodes: comments, script, style
<button
  class="inline-flex items-center justify-center gap-2 whitespace-nowrap rounded-md text-sm font-medium transition-colors focus-visible:outline-none focus-visible:ring-1 focus-visible:ring-ring disabled:pointer-events-none disabled:opacity-50 [&_svg]:pointer-events-none [&_svg]:size-4 [&_svg]:shrink-0 bg-primary text-primary-foreground shadow hover:bg-primary/90 h-9 px-4 py-2 w-full"
>
  Sign in with Google
</button>

Ignored nodes: comments, script, style
<button
  class="inline-flex items-center justify-center gap-2 whitespace-nowrap rounded-md text-sm font-medium transition-colors focus-visible:outline-none focus-visible:ring-1 focus-visible:ring-ring disabled:pointer-events-none disabled:opacity-50 [&_svg]:pointer-events-none [&_svg]:size-4 [&_svg]:shrink-0 bg-primary text-primary-foreground shadow hover:bg-primary/90 h-9 px-4 py-2 w-full"
>
  Sign in with Google
</button>

Ignored nodes: comments, script, style
<button
  class="inline-flex items-center justify-center gap-2 whitespace-nowrap rounded-md text-sm font-medium transition-colors focus-visible:outline-none focus-visible:ring-1 focus-visible:ring-ring disabled:pointer-events-none disabled:opacity-50 [&_svg]:pointer-events-none [&_svg]:size-4 [&_svg]:shrink-0 bg-primary text-primary-foreground shadow hover:bg-primary/90 h-9 px-4 py-2 w-full"
>
  Sign in with Google
</button>

Ignored nodes: comments, script, style
<button
  class="inline-flex items-center justify-center gap-2 whitespace-nowrap rounded-md text-sm font-medium transition-colors focus-visible:outline-none focus-visible:ring-1 focus-visible:ring-ring disabled:pointer-events-none disabled:opacity-50 [&_svg]:pointer-events-none [&_svg]:size-4 [&_svg]:shrink-0 bg-primary text-primary-foreground shadow hover:bg-primary/90 h-9 px-4 py-2 w-full"
>
  Sign in with Google
</button>

(If this is intentional, then use the `*AllBy*` variant of the query (like `queryAllByText`, `getAllByText`, or `findAllByText`)).

Ignored nodes: comments, script, style
<body>
  <div>
    <div
      class="w-[350px]"
      data-testid="card"
    >
      <div
        class="text-center"
        data-testid="card-header"
      >
        <h3
          data-testid="card-title"
        >
          Welcome back
        </h3>
        <div
          data-testid="card-desc"
        >
          Login with your Google account
        </div>
      </div>
      <div
        data-testid="card-content"
      >
        <button
          class="inline-flex items-center justify-center gap-2 whitespace-nowrap rounded-md text-sm font-medium transition-colors focus-visible:outline-none focus-visible:ring-1 focus-visible:ring-ring disabled:pointer-events-none disabled:opacity-50 [&_svg]:pointer-events-none [&_svg]:size-4 [&_svg]:shrink-0 bg-primary text-primary-foreground shadow hover:bg-primary/90 h-9 px-4 py-2 w-full"
        >
          Sign in with Google
        </button>
      </div>
    </div>
  </div>
  <div>
    <div
      class="w-[350px]"
      data-testid="card"
    >
      <div
        class="text-center"
        data-testid="card-header"
      >
        <h3
          data-testid="card-title"
        >
          Welcome back
        </h3>
        <div
          data-testid="card-desc"
        >
          Login with your Google account
        </div>
      </div>
      <div
        data-testid="card-content"
      >
        <button
          class="inline-flex items-center justify-center gap-2 whitespace-nowrap rounded-md text-sm font-medium transition-colors focus-visible:outline-none focus-visible:ring-1 focus-visible:ring-ring disabled:pointer-events-none disabled:opacity-50 [&_svg]:pointer-events-none [&_svg]:size-4 [&_svg]:shrink-0 bg-primary text-primary-foreground shadow hover:bg-primary/90 h-9 px-4 py-2 w-full"
        >
          Sign in with Google
        </button>
      </div>
    </div>
  </div>
  <div>
    <div
      class="w-[350px]"
      data-testid="card"
    >
      <div
        class="text-center"
        data-testid="card-header"
      >
        <h3
          data-testid="card-title"
        >
          Welcome back
        </h3>
        <div
          data-testid="card-desc"
        >
          Login with your Google account
        </div>
      </div>
      <div
        data-testid="card-content"
      >
        <button
          class="inline-flex items-center justify-center gap-2 whitespace-nowrap rounded-md text-sm font-medium transition-colors focus-visible:outline-none focus-visible:ring-1 focus-visible:ring-ring disabled:pointer-events-none disabled:opacity-50 [&_svg]:pointer-events-none [&_svg]:size-4 [&_svg]:shrink-0 bg-primary text-primary-foreground shadow hover:bg-primary/90 h-9 px-4 py-2 w-full"
        >
          Sign in with Google
        </button>
      </div>
    </div>
  </div>
  <div>
    <div
      class="w-[350px]"
      data-testid="card"
    >
      <div
        class="text-center"
        data-testid="card-header"
      >
        <h3
          data-testid="card-title"
        >
          Welcome back
        </h3>
        <div
          data-testid="card-desc"
        >
          Login with your Google account
        </div>
      </div>
      <div
        data-testid="card-content"
      >
        <button
          class="inline-flex items-center justify-center gap-2 whitespace-nowrap rounded-md text-sm font-medium transition-colors focus-visible:outline-none focus-visible:ring-1 focus-visible:ring-ring disabled:pointer-events-none disabled:opacity-50 [&_svg]:pointer-events-none [&_svg]:size-4 [&_svg]:shrink-0 bg-primary text-primary-foreground shadow hover:bg-primary/90 h-9 px-4 py-2 w-full"
        >
          Sign in with Google
        </button>
      </div>
    </div>
  </div>
</body>
 笶ｯ Object.getElementError node_modules/@testing-library/dom/dist/config.js:37:19
 笶ｯ getElementError node_modules/@testing-library/dom/dist/query-helpers.js:20:35
 笶ｯ getMultipleElementsFoundError node_modules/@testing-library/dom/dist/query-helpers.js:23:10
 笶ｯ node_modules/@testing-library/dom/dist/query-helpers.js:55:13
 笶ｯ node_modules/@testing-library/dom/dist/query-helpers.js:95:19
 笶ｯ src/app/(public)/login/components/LoginForm.test.tsx:84:31
     82| 
     83|         render(<LoginForm />)
     84|         const button = screen.getByRole('button', { name: /sign in wit窶ｦ
       |                               ^
     85| 
     86|         fireEvent.click(button)

竡ｯ竡ｯ竡ｯ竡ｯ竡ｯ竡ｯ竡ｯ竡ｯ竡ｯ竡ｯ竡ｯ竡ｯ竡ｯ竡ｯ竡ｯ竡ｯ竡ｯ竡ｯ竡ｯ竡ｯ竡ｯ竡ｯ竡ｯ竡ｯ[3/3]竡ｯ


[2m Test Files [22m [1m[31m1 failed[39m[22m[90m (1)[39m
[2m      Tests [22m [1m[31m3 failed[39m[22m[2m | [22m[1m[32m1 passed[39m[22m[90m (4)[39m
[2m   Start at [22m 19:54:35
[2m   Duration [22m 2.27s[2m (transform 118ms, setup 321ms, collect 367ms, tests 367ms, environment 989ms, prepare 9ms)[22m

